  Determining projects to restore...
  All projects are up-to-date for restore.
C:\Users\miguels main pc\.gemini\antigravity\scratch\BLVDEContentStudio\BlotatoService.cs(269,23): warning CS8618: Non-nullable property 'Message' must contain a non-null value when exiting constructor. Consider adding the 'required' modifier or declaring the property as nullable. [C:\Users\miguels main pc\.gemini\antigravity\scratch\BLVDEContentStudio\BLVDEContentStudio.csproj]
C:\Users\miguels main pc\.gemini\antigravity\scratch\BLVDEContentStudio\BlotatoService.cs(272,23): warning CS8618: Non-nullable property 'ResponseData' must contain a non-null value when exiting constructor. Consider adding the 'required' modifier or declaring the property as nullable. [C:\Users\miguels main pc\.gemini\antigravity\scratch\BLVDEContentStudio\BLVDEContentStudio.csproj]
C:\Users\miguels main pc\.gemini\antigravity\scratch\BLVDEContentStudio\BlotatoService.cs(275,23): warning CS8618: Non-nullable property 'ErrorDetails' must contain a non-null value when exiting constructor. Consider adding the 'required' modifier or declaring the property as nullable. [C:\Users\miguels main pc\.gemini\antigravity\scratch\BLVDEContentStudio\BLVDEContentStudio.csproj]
C:\Users\miguels main pc\.gemini\antigravity\scratch\BLVDEContentStudio\Form1.cs(140,24): error CS1674: 'BlotatoService': type used in a using statement must be implicitly convertible to 'System.IDisposable'. [C:\Users\miguels main pc\.gemini\antigravity\scratch\BLVDEContentStudio\BLVDEContentStudio.csproj]

Build FAILED.

C:\Users\miguels main pc\.gemini\antigravity\scratch\BLVDEContentStudio\BlotatoService.cs(269,23): warning CS8618: Non-nullable property 'Message' must contain a non-null value when exiting constructor. Consider adding the 'required' modifier or declaring the property as nullable. [C:\Users\miguels main pc\.gemini\antigravity\scratch\BLVDEContentStudio\BLVDEContentStudio.csproj]
C:\Users\miguels main pc\.gemini\antigravity\scratch\BLVDEContentStudio\BlotatoService.cs(272,23): warning CS8618: Non-nullable property 'ResponseData' must contain a non-null value when exiting constructor. Consider adding the 'required' modifier or declaring the property as nullable. [C:\Users\miguels main pc\.gemini\antigravity\scratch\BLVDEContentStudio\BLVDEContentStudio.csproj]
C:\Users\miguels main pc\.gemini\antigravity\scratch\BLVDEContentStudio\BlotatoService.cs(275,23): warning CS8618: Non-nullable property 'ErrorDetails' must contain a non-null value when exiting constructor. Consider adding the 'required' modifier or declaring the property as nullable. [C:\Users\miguels main pc\.gemini\antigravity\scratch\BLVDEContentStudio\BLVDEContentStudio.csproj]
C:\Users\miguels main pc\.gemini\antigravity\scratch\BLVDEContentStudio\Form1.cs(140,24): error CS1674: 'BlotatoService': type used in a using statement must be implicitly convertible to 'System.IDisposable'. [C:\Users\miguels main pc\.gemini\antigravity\scratch\BLVDEContentStudio\BLVDEContentStudio.csproj]
    3 Warning(s)
    1 Error(s)

Time Elapsed 00:00:01.26
