  Determining projects to restore...
  All projects are up-to-date for restore.
C:\Users\miguels main pc\.gemini\antigravity\scratch\BLVDEContentStudio\obj\Debug\net8.0-windows\.NETCoreApp,Version=v8.0.AssemblyAttributes.cs(4,12): error CS0579: Duplicate 'global::System.Runtime.Versioning.TargetFrameworkAttribute' attribute [C:\Users\miguels main pc\.gemini\antigravity\scratch\BLVDEContentStudio\BLVDEContentStudio.csproj]
C:\Users\miguels main pc\.gemini\antigravity\scratch\BLVDEContentStudio\obj\Debug\net8.0-windows\BLVDEContentStudio.AssemblyInfo.cs(13,12): error CS0579: Duplicate 'System.Reflection.AssemblyCompanyAttribute' attribute [C:\Users\miguels main pc\.gemini\antigravity\scratch\BLVDEContentStudio\BLVDEContentStudio.csproj]
C:\Users\miguels main pc\.gemini\antigravity\scratch\BLVDEContentStudio\obj\Debug\net8.0-windows\BLVDEContentStudio.AssemblyInfo.cs(14,12): error CS0579: Duplicate 'System.Reflection.AssemblyConfigurationAttribute' attribute [C:\Users\miguels main pc\.gemini\antigravity\scratch\BLVDEContentStudio\BLVDEContentStudio.csproj]
C:\Users\miguels main pc\.gemini\antigravity\scratch\BLVDEContentStudio\obj\Debug\net8.0-windows\BLVDEContentStudio.AssemblyInfo.cs(15,12): error CS0579: Duplicate 'System.Reflection.AssemblyFileVersionAttribute' attribute [C:\Users\miguels main pc\.gemini\antigravity\scratch\BLVDEContentStudio\BLVDEContentStudio.csproj]
C:\Users\miguels main pc\.gemini\antigravity\scratch\BLVDEContentStudio\obj\Debug\net8.0-windows\BLVDEContentStudio.AssemblyInfo.cs(16,12): error CS0579: Duplicate 'System.Reflection.AssemblyInformationalVersionAttribute' attribute [C:\Users\miguels main pc\.gemini\antigravity\scratch\BLVDEContentStudio\BLVDEContentStudio.csproj]
C:\Users\miguels main pc\.gemini\antigravity\scratch\BLVDEContentStudio\obj\Debug\net8.0-windows\BLVDEContentStudio.AssemblyInfo.cs(17,12): error CS0579: Duplicate 'System.Reflection.AssemblyProductAttribute' attribute [C:\Users\miguels main pc\.gemini\antigravity\scratch\BLVDEContentStudio\BLVDEContentStudio.csproj]
C:\Users\miguels main pc\.gemini\antigravity\scratch\BLVDEContentStudio\obj\Debug\net8.0-windows\BLVDEContentStudio.AssemblyInfo.cs(18,12): error CS0579: Duplicate 'System.Reflection.AssemblyTitleAttribute' attribute [C:\Users\miguels main pc\.gemini\antigravity\scratch\BLVDEContentStudio\BLVDEContentStudio.csproj]
C:\Users\miguels main pc\.gemini\antigravity\scratch\BLVDEContentStudio\obj\Debug\net8.0-windows\BLVDEContentStudio.AssemblyInfo.cs(19,12): error CS0579: Duplicate 'System.Reflection.AssemblyVersionAttribute' attribute [C:\Users\miguels main pc\.gemini\antigravity\scratch\BLVDEContentStudio\BLVDEContentStudio.csproj]

Build FAILED.

C:\Users\miguels main pc\.gemini\antigravity\scratch\BLVDEContentStudio\obj\Debug\net8.0-windows\.NETCoreApp,Version=v8.0.AssemblyAttributes.cs(4,12): error CS0579: Duplicate 'global::System.Runtime.Versioning.TargetFrameworkAttribute' attribute [C:\Users\miguels main pc\.gemini\antigravity\scratch\BLVDEContentStudio\BLVDEContentStudio.csproj]
C:\Users\miguels main pc\.gemini\antigravity\scratch\BLVDEContentStudio\obj\Debug\net8.0-windows\BLVDEContentStudio.AssemblyInfo.cs(13,12): error CS0579: Duplicate 'System.Reflection.AssemblyCompanyAttribute' attribute [C:\Users\miguels main pc\.gemini\antigravity\scratch\BLVDEContentStudio\BLVDEContentStudio.csproj]
C:\Users\miguels main pc\.gemini\antigravity\scratch\BLVDEContentStudio\obj\Debug\net8.0-windows\BLVDEContentStudio.AssemblyInfo.cs(14,12): error CS0579: Duplicate 'System.Reflection.AssemblyConfigurationAttribute' attribute [C:\Users\miguels main pc\.gemini\antigravity\scratch\BLVDEContentStudio\BLVDEContentStudio.csproj]
C:\Users\miguels main pc\.gemini\antigravity\scratch\BLVDEContentStudio\obj\Debug\net8.0-windows\BLVDEContentStudio.AssemblyInfo.cs(15,12): error CS0579: Duplicate 'System.Reflection.AssemblyFileVersionAttribute' attribute [C:\Users\miguels main pc\.gemini\antigravity\scratch\BLVDEContentStudio\BLVDEContentStudio.csproj]
C:\Users\miguels main pc\.gemini\antigravity\scratch\BLVDEContentStudio\obj\Debug\net8.0-windows\BLVDEContentStudio.AssemblyInfo.cs(16,12): error CS0579: Duplicate 'System.Reflection.AssemblyInformationalVersionAttribute' attribute [C:\Users\miguels main pc\.gemini\antigravity\scratch\BLVDEContentStudio\BLVDEContentStudio.csproj]
C:\Users\miguels main pc\.gemini\antigravity\scratch\BLVDEContentStudio\obj\Debug\net8.0-windows\BLVDEContentStudio.AssemblyInfo.cs(17,12): error CS0579: Duplicate 'System.Reflection.AssemblyProductAttribute' attribute [C:\Users\miguels main pc\.gemini\antigravity\scratch\BLVDEContentStudio\BLVDEContentStudio.csproj]
C:\Users\miguels main pc\.gemini\antigravity\scratch\BLVDEContentStudio\obj\Debug\net8.0-windows\BLVDEContentStudio.AssemblyInfo.cs(18,12): error CS0579: Duplicate 'System.Reflection.AssemblyTitleAttribute' attribute [C:\Users\miguels main pc\.gemini\antigravity\scratch\BLVDEContentStudio\BLVDEContentStudio.csproj]
C:\Users\miguels main pc\.gemini\antigravity\scratch\BLVDEContentStudio\obj\Debug\net8.0-windows\BLVDEContentStudio.AssemblyInfo.cs(19,12): error CS0579: Duplicate 'System.Reflection.AssemblyVersionAttribute' attribute [C:\Users\miguels main pc\.gemini\antigravity\scratch\BLVDEContentStudio\BLVDEContentStudio.csproj]
    0 Warning(s)
    8 Error(s)

Time Elapsed 00:00:00.47
